Uncaught exception GET /api?bu=107&type=frequency (127.0.0.1)
HTTPServerRequest(protocol='http', host='127.0.0.1:8888', method='GET', uri='/api?bu=107&type=frequency', version='HTTP/1.1', remote_ip='127.0.0.1')
multiprocessing.pool.RemoteTraceback: 
"""
Traceback (most recent call last):
  File "/usr/local/Cellar/python@3.14/3.14.3_1/Frameworks/Python.framework/Versions/3.14/lib/python3.14/multiprocessing/pool.py", line 125, in worker
    result = (True, func(*args, **kwds))
                    ~~~~^^^^^^^^^^^^^^^
  File "/usr/local/Cellar/python@3.14/3.14.3_1/Frameworks/Python.framework/Versions/3.14/lib/python3.14/multiprocessing/pool.py", line 48, in mapstar
    return list(map(*args))
  File "/Users/apple/Desktop/development/veil-dotnet/source/RIUScripts/DataProcessor/map_reduce.py", line 354, in reducer
    output = func(df, vectorize=True)
  File "/Users/apple/Desktop/development/veil-dotnet/source/RIUScripts/DataProcessor/map_reduce.py", line 238, in tot_txn
    return vec_tot_txn(extract[col_sel].as_matrix())
                       ^^^^^^^^^^^^^^^^^^^^^^^^^^
  File "/Users/apple/Desktop/development/veil-dotnet/source/RIUScripts/venv/lib/python3.14/site-packages/pandas/core/generic.py", line 6206, in __getattr__
    return object.__getattribute__(self, name)
           ~~~~~~~~~~~~~~~~~~~~~~~^^^^^^^^^^^^
AttributeError: 'DataFrame' object has no attribute 'as_matrix'
"""

The above exception was the direct cause of the following exception:

Traceback (most recent call last):
  File "/Users/apple/Desktop/development/veil-dotnet/source/RIUScripts/venv/lib/python3.14/site-packages/tornado/web.py", line 1880, in _execute
    result = await result
             ^^^^^^^^^^^^
  File "/Users/apple/Desktop/development/veil-dotnet/source/RIUScripts/venv/lib/python3.14/site-packages/tornado/gen.py", line 796, in run
    yielded = self.gen.throw(exc)
  File "/Users/apple/Desktop/development/veil-dotnet/source/RIUScripts/DataProcessor/map_reduce-driver.py", line 299, in get
    res_out = yield self.split_apply_combine(bu, agg_type, keys,
              ^^^^^^^^^^^^^^^^^^^^^^^^^^^^^^^^^^^^^^^^^^^^^^^^^^
                                             attributes, period, period_unit,
                                             ^^^^^^^^^^^^^^^^^^^^^^^^^^^^^^^^
                                             cumqty_type)
                                             ^^^^^^^^^^^^
  File "/Users/apple/Desktop/development/veil-dotnet/source/RIUScripts/venv/lib/python3.14/site-packages/tornado/gen.py", line 783, in run
    value = future.result()
  File "/usr/local/Cellar/python@3.14/3.14.3_1/Frameworks/Python.framework/Versions/3.14/lib/python3.14/concurrent/futures/thread.py", line 86, in run
    result = ctx.run(self.task)
  File "/usr/local/Cellar/python@3.14/3.14.3_1/Frameworks/Python.framework/Versions/3.14/lib/python3.14/concurrent/futures/thread.py", line 73, in run
    return fn(*args, **kwargs)
  File "/Users/apple/Desktop/development/veil-dotnet/source/RIUScripts/DataProcessor/map_reduce-driver.py", line 250, in split_apply_combine
    result = mr.map_reduce(mapper_tmp, reducer_tmp,
                           [os.path.join(data_path, f) for f in files] +
                           glob.glob(os.path.join(data_path, "*/*.csv.xz")),
                           keys_combine, func_combine)
  File "/Users/apple/Desktop/development/veil-dotnet/source/RIUScripts/DataProcessor/map_reduce.py", line 438, in map_reduce
    results = pool.map(partial(reducer, keys=keys), chunks)
  File "/usr/local/Cellar/python@3.14/3.14.3_1/Frameworks/Python.framework/Versions/3.14/lib/python3.14/multiprocessing/pool.py", line 367, in map
    return self._map_async(func, iterable, mapstar, chunksize).get()
           ~~~~~~~~~~~~~~~~~~~~~~~~~~~~~~~~~~~~~~~~~~~~~~~~~~~~~~~^^
  File "/usr/local/Cellar/python@3.14/3.14.3_1/Frameworks/Python.framework/Versions/3.14/lib/python3.14/multiprocessing/pool.py", line 774, in get
    raise self._value
AttributeError: 'DataFrame' object has no attribute 'as_matrix'
500 GET /api?bu=107&type=frequency (127.0.0.1) 5920.70ms
Uncaught exception GET /api?bu=107&type=rfm (127.0.0.1)
HTTPServerRequest(protocol='http', host='127.0.0.1:8888', method='GET', uri='/api?bu=107&type=rfm', version='HTTP/1.1', remote_ip='127.0.0.1')
Traceback (most recent call last):
  File "/Users/apple/Desktop/development/veil-dotnet/source/RIUScripts/venv/lib/python3.14/site-packages/tornado/web.py", line 1880, in _execute
    result = await result
             ^^^^^^^^^^^^
  File "/Users/apple/Desktop/development/veil-dotnet/source/RIUScripts/venv/lib/python3.14/site-packages/tornado/gen.py", line 796, in run
    yielded = self.gen.throw(exc)
  File "/Users/apple/Desktop/development/veil-dotnet/source/RIUScripts/DataProcessor/map_reduce-driver.py", line 299, in get
    res_out = yield self.split_apply_combine(bu, agg_type, keys,
              ^^^^^^^^^^^^^^^^^^^^^^^^^^^^^^^^^^^^^^^^^^^^^^^^^^
                                             attributes, period, period_unit,
                                             ^^^^^^^^^^^^^^^^^^^^^^^^^^^^^^^^
                                             cumqty_type)
                                             ^^^^^^^^^^^^
  File "/Users/apple/Desktop/development/veil-dotnet/source/RIUScripts/venv/lib/python3.14/site-packages/tornado/gen.py", line 783, in run
    value = future.result()
  File "/usr/local/Cellar/python@3.14/3.14.3_1/Frameworks/Python.framework/Versions/3.14/lib/python3.14/concurrent/futures/thread.py", line 86, in run
    result = ctx.run(self.task)
  File "/usr/local/Cellar/python@3.14/3.14.3_1/Frameworks/Python.framework/Versions/3.14/lib/python3.14/concurrent/futures/thread.py", line 73, in run
    return fn(*args, **kwargs)
  File "/Users/apple/Desktop/development/veil-dotnet/source/RIUScripts/DataProcessor/map_reduce-driver.py", line 250, in split_apply_combine
    result = mr.map_reduce(mapper_tmp, reducer_tmp,
                           [os.path.join(data_path, f) for f in files] +
                           glob.glob(os.path.join(data_path, "*/*.csv.xz")),
                           keys_combine, func_combine)
  File "/Users/apple/Desktop/development/veil-dotnet/source/RIUScripts/DataProcessor/map_reduce.py", line 428, in map_reduce
    df_gender.loc[df_gender.duplicated(keys, False)] = 0
    ~~~~~~~~~~~~~^^^^^^^^^^^^^^^^^^^^^^^^^^^^^^^^^^^
  File "/Users/apple/Desktop/development/veil-dotnet/source/RIUScripts/venv/lib/python3.14/site-packages/pandas/core/indexing.py", line 938, in __setitem__
    iloc._setitem_with_indexer(indexer, value, self.name)
    ~~~~~~~~~~~~~~~~~~~~~~~~~~^^^^^^^^^^^^^^^^^^^^^^^^^^^
  File "/Users/apple/Desktop/development/veil-dotnet/source/RIUScripts/venv/lib/python3.14/site-packages/pandas/core/indexing.py", line 1953, in _setitem_with_indexer
    self._setitem_with_indexer_split_path(indexer, value, name)
    ~~~~~~~~~~~~~~~~~~~~~~~~~~~~~~~~~~~~~^^^^^^^^^^^^^^^^^^^^^^
  File "/Users/apple/Desktop/development/veil-dotnet/source/RIUScripts/venv/lib/python3.14/site-packages/pandas/core/indexing.py", line 2044, in _setitem_with_indexer_split_path
    self._setitem_single_column(loc, value, pi)
    ~~~~~~~~~~~~~~~~~~~~~~~~~~~^^^^^^^^^^^^^^^^
  File "/Users/apple/Desktop/development/veil-dotnet/source/RIUScripts/venv/lib/python3.14/site-packages/pandas/core/indexing.py", line 2181, in _setitem_single_column
    self.obj._mgr.column_setitem(loc, plane_indexer, value)
    ~~~~~~~~~~~~~~~~~~~~~~~~~~~~^^^^^^^^^^^^^^^^^^^^^^^^^^^
  File "/Users/apple/Desktop/development/veil-dotnet/source/RIUScripts/venv/lib/python3.14/site-packages/pandas/core/internals/managers.py", line 1528, in column_setitem
    new_mgr = col_mgr.setitem((idx,), value)
  File "/Users/apple/Desktop/development/veil-dotnet/source/RIUScripts/venv/lib/python3.14/site-packages/pandas/core/internals/managers.py", line 607, in setitem
    return self.apply("setitem", indexer=indexer, value=value)
           ~~~~~~~~~~^^^^^^^^^^^^^^^^^^^^^^^^^^^^^^^^^^^^^^^^^
  File "/Users/apple/Desktop/development/veil-dotnet/source/RIUScripts/venv/lib/python3.14/site-packages/pandas/core/internals/managers.py", line 445, in apply
    applied = getattr(b, f)(**kwargs)
  File "/Users/apple/Desktop/development/veil-dotnet/source/RIUScripts/venv/lib/python3.14/site-packages/pandas/core/internals/blocks.py", line 1667, in setitem
    values[indexer] = value
    ~~~~~~^^^^^^^^^
  File "/Users/apple/Desktop/development/veil-dotnet/source/RIUScripts/venv/lib/python3.14/site-packages/pandas/core/arrays/string_.py", line 865, in __setitem__
    value = self._maybe_convert_setitem_value(value)
  File "/Users/apple/Desktop/development/veil-dotnet/source/RIUScripts/venv/lib/python3.14/site-packages/pandas/core/arrays/string_.py", line 839, in _maybe_convert_setitem_value
    raise TypeError(
    ...<3 lines>...
    )
TypeError: Invalid value '0' for dtype 'str'. Value should be a string or missing value, got 'int' instead.
500 GET /api?bu=107&type=rfm (127.0.0.1) 1889.60ms
Uncaught exception GET /api?bu=107&type=totspend (127.0.0.1)
HTTPServerRequest(protocol='http', host='127.0.0.1:8888', method='GET', uri='/api?bu=107&type=totspend', version='HTTP/1.1', remote_ip='127.0.0.1')
multiprocessing.pool.RemoteTraceback: 
"""
Traceback (most recent call last):
  File "/usr/local/Cellar/python@3.14/3.14.3_1/Frameworks/Python.framework/Versions/3.14/lib/python3.14/multiprocessing/pool.py", line 125, in worker
    result = (True, func(*args, **kwds))
                    ~~~~^^^^^^^^^^^^^^^
  File "/usr/local/Cellar/python@3.14/3.14.3_1/Frameworks/Python.framework/Versions/3.14/lib/python3.14/multiprocessing/pool.py", line 48, in mapstar
    return list(map(*args))
  File "/Users/apple/Desktop/development/veil-dotnet/source/RIUScripts/DataProcessor/map_reduce.py", line 354, in reducer
    output = func(df, vectorize=True)
  File "/Users/apple/Desktop/development/veil-dotnet/source/RIUScripts/DataProcessor/map_reduce.py", line 169, in tot_spending
    return vec_tot_spending(extract[col_sel].as_matrix())
                            ^^^^^^^^^^^^^^^^^^^^^^^^^^
  File "/Users/apple/Desktop/development/veil-dotnet/source/RIUScripts/venv/lib/python3.14/site-packages/pandas/core/generic.py", line 6206, in __getattr__
    return object.__getattribute__(self, name)
           ~~~~~~~~~~~~~~~~~~~~~~~^^^^^^^^^^^^
AttributeError: 'DataFrame' object has no attribute 'as_matrix'
"""

The above exception was the direct cause of the following exception:

Traceback (most recent call last):
  File "/Users/apple/Desktop/development/veil-dotnet/source/RIUScripts/venv/lib/python3.14/site-packages/tornado/web.py", line 1880, in _execute
    result = await result
             ^^^^^^^^^^^^
  File "/Users/apple/Desktop/development/veil-dotnet/source/RIUScripts/venv/lib/python3.14/site-packages/tornado/gen.py", line 796, in run
    yielded = self.gen.throw(exc)
  File "/Users/apple/Desktop/development/veil-dotnet/source/RIUScripts/DataProcessor/map_reduce-driver.py", line 299, in get
    res_out = yield self.split_apply_combine(bu, agg_type, keys,
              ^^^^^^^^^^^^^^^^^^^^^^^^^^^^^^^^^^^^^^^^^^^^^^^^^^
                                             attributes, period, period_unit,
                                             ^^^^^^^^^^^^^^^^^^^^^^^^^^^^^^^^
                                             cumqty_type)
                                             ^^^^^^^^^^^^
  File "/Users/apple/Desktop/development/veil-dotnet/source/RIUScripts/venv/lib/python3.14/site-packages/tornado/gen.py", line 783, in run
    value = future.result()
  File "/usr/local/Cellar/python@3.14/3.14.3_1/Frameworks/Python.framework/Versions/3.14/lib/python3.14/concurrent/futures/thread.py", line 86, in run
    result = ctx.run(self.task)
  File "/usr/local/Cellar/python@3.14/3.14.3_1/Frameworks/Python.framework/Versions/3.14/lib/python3.14/concurrent/futures/thread.py", line 73, in run
    return fn(*args, **kwargs)
  File "/Users/apple/Desktop/development/veil-dotnet/source/RIUScripts/DataProcessor/map_reduce-driver.py", line 250, in split_apply_combine
    result = mr.map_reduce(mapper_tmp, reducer_tmp,
                           [os.path.join(data_path, f) for f in files] +
                           glob.glob(os.path.join(data_path, "*/*.csv.xz")),
                           keys_combine, func_combine)
  File "/Users/apple/Desktop/development/veil-dotnet/source/RIUScripts/DataProcessor/map_reduce.py", line 438, in map_reduce
    results = pool.map(partial(reducer, keys=keys), chunks)
  File "/usr/local/Cellar/python@3.14/3.14.3_1/Frameworks/Python.framework/Versions/3.14/lib/python3.14/multiprocessing/pool.py", line 367, in map
    return self._map_async(func, iterable, mapstar, chunksize).get()
           ~~~~~~~~~~~~~~~~~~~~~~~~~~~~~~~~~~~~~~~~~~~~~~~~~~~~~~~^^
  File "/usr/local/Cellar/python@3.14/3.14.3_1/Frameworks/Python.framework/Versions/3.14/lib/python3.14/multiprocessing/pool.py", line 774, in get
    raise self._value
AttributeError: 'DataFrame' object has no attribute 'as_matrix'
500 GET /api?bu=107&type=totspend (127.0.0.1) 5609.69ms
